\BOOKMARK [1][-]{section.1}{\376\377\000I\000n\000t\000r\000o\000d\000u\000c\000t\000i\000o\000n}{}% 1
\BOOKMARK [1][-]{section.6}{\376\377\000R\000e\000l\000a\000t\000e\000d\000\040\000W\000o\000r\000k}{}% 2
\BOOKMARK [2][-]{subsection.7}{\376\377\000A\000l\000g\000o\000r\000i\000t\000h\000m\000\040\000a\000v\000e\000r\000s\000i\000o\000n\000,\000\040\000a\000p\000p\000r\000e\000c\000i\000a\000t\000i\000o\000n\000,\000\040\000a\000n\000d\000\040\000c\000o\000n\000d\000i\000t\000i\000o\000n\000s\000\040\000f\000o\000r\000\040\000u\000p\000t\000a\000k\000e}{section.6}% 3
\BOOKMARK [2][-]{subsection.8}{\376\377\000D\000e\000l\000e\000g\000a\000t\000i\000o\000n\000,\000\040\000a\000g\000e\000n\000c\000y\000,\000\040\000a\000n\000d\000\040\000r\000e\000s\000p\000o\000n\000s\000i\000b\000i\000l\000i\000t\000y\000\040\000s\000h\000a\000r\000i\000n\000g}{section.6}% 4
\BOOKMARK [2][-]{subsection.9}{\376\377\000T\000r\000a\000n\000s\000p\000a\000r\000e\000n\000c\000y\000,\000\040\000a\000n\000d\000\040\000i\000n\000t\000e\000r\000p\000r\000e\000t\000i\000v\000e\000\040\000c\000u\000e\000s\000\040\000f\000o\000r\000\040\000a\000c\000c\000e\000p\000t\000a\000n\000c\000e}{section.6}% 5
\BOOKMARK [2][-]{subsection.10}{\376\377\000D\000e\000c\000i\000s\000i\000o\000n\000-\000r\000u\000l\000e\000\040\000c\000o\000m\000p\000a\000r\000i\000s\000o\000n\000\040\000g\000a\000p\000:\000\040\000p\000e\000r\000s\000o\000n\000a\000l\000i\000z\000e\000d\000\040\000v\000e\000r\000s\000u\000s\000\040\000o\000b\000j\000e\000c\000t\000i\000v\000e\000\040\000r\000u\000l\000e\000s}{section.6}% 6
\BOOKMARK [2][-]{subsection.11}{\376\377\000H\000e\000t\000e\000r\000o\000g\000e\000n\000e\000i\000t\000y\000\040\000a\000n\000d\000\040\000c\000o\000n\000t\000e\000x\000t\000u\000a\000l\000\040\000m\000o\000d\000e\000r\000a\000t\000o\000r\000s\000\040\000o\000f\000\040\000t\000r\000u\000s\000t\000\040\000a\000n\000d\000\040\000d\000e\000l\000e\000g\000a\000t\000i\000o\000n}{section.6}% 7
\BOOKMARK [2][-]{subsection.12}{\376\377\000F\000i\000n\000a\000n\000c\000i\000a\000l\000\040\000a\000d\000v\000i\000c\000e\000\040\000a\000n\000d\000\040\000r\000o\000b\000o\000-\000a\000d\000v\000i\000s\000o\000r\000s\000\040\000a\000s\000\040\000a\000n\000\040\000a\000p\000p\000l\000i\000c\000a\000t\000i\000o\000n\000\040\000d\000o\000m\000a\000i\000n}{section.6}% 8
\BOOKMARK [2][-]{subsection.13}{\376\377\000S\000y\000n\000t\000h\000e\000s\000i\000s\000\040\000a\000n\000d\000\040\000c\000o\000n\000t\000r\000i\000b\000u\000t\000i\000o\000n}{section.6}% 9
\BOOKMARK [1][-]{section.14}{\376\377\000M\000e\000t\000h\000o\000d}{}% 10
\BOOKMARK [2][-]{subsection.15}{\376\377\000P\000a\000r\000t\000i\000c\000i\000p\000a\000n\000t\000s\000\040\000a\000n\000d\000\040\000p\000r\000e\000r\000e\000g\000i\000s\000t\000e\000r\000e\000d\000\040\000e\000x\000c\000l\000u\000s\000i\000o\000n\000s}{section.14}% 11
\BOOKMARK [2][-]{subsection.16}{\376\377\000D\000e\000s\000i\000g\000n\000\040\000a\000n\000d\000\040\000t\000a\000s\000k}{section.14}% 12
\BOOKMARK [2][-]{subsection.19}{\376\377\000P\000r\000o\000c\000e\000d\000u\000r\000e}{section.14}% 13
\BOOKMARK [2][-]{subsection.20}{\376\377\000E\000t\000h\000i\000c\000s\000\040\000a\000p\000p\000r\000o\000v\000a\000l}{section.14}% 14
\BOOKMARK [2][-]{subsection.21}{\376\377\000P\000r\000e\000r\000e\000g\000i\000s\000t\000e\000r\000e\000d\000\040\000o\000u\000t\000c\000o\000m\000e\000s\000\040\000a\000n\000d\000\040\000a\000n\000a\000l\000y\000s\000e\000s}{section.14}% 15
\BOOKMARK [1][-]{section.24}{\376\377\000R\000e\000s\000u\000l\000t\000s}{}% 16
\BOOKMARK [2][-]{subsection.25}{\376\377\000O\000v\000e\000r\000v\000i\000e\000w}{section.24}% 17
\BOOKMARK [2][-]{subsection.26}{\376\377\000P\000r\000i\000m\000a\000r\000y\000\040\000t\000e\000s\000t\000:\000\040\000f\000i\000r\000s\000t\000-\000c\000o\000n\000t\000a\000c\000t\000\040\000d\000e\000l\000e\000g\000a\000t\000i\000o\000n}{section.24}% 18
\BOOKMARK [2][-]{subsection.29}{\376\377\000P\000r\000i\000m\000a\000r\000y\000\040\000t\000e\000s\000t\000:\000\040\000d\000e\000l\000e\000g\000a\000t\000i\000o\000n\000\040\000a\000c\000r\000o\000s\000s\000\040\000r\000e\000p\000e\000a\000t\000e\000d\000\040\000d\000e\000c\000i\000s\000i\000o\000n\000s}{section.24}% 19
\BOOKMARK [2][-]{subsection.32}{\376\377\000C\000a\000t\000e\000g\000o\000r\000i\000c\000a\000l\000\040\000n\000o\000n\000-\000d\000e\000l\000e\000g\000a\000t\000i\000o\000n}{section.24}% 20
\BOOKMARK [2][-]{subsection.33}{\376\377\000R\000e\000s\000p\000o\000n\000s\000e\000s\000\040\000t\000o\000\040\000f\000e\000e\000d\000b\000a\000c\000k}{section.24}% 21
\BOOKMARK [2][-]{subsection.34}{\376\377\000E\000x\000p\000l\000o\000r\000a\000t\000o\000r\000y\000\040\000m\000e\000c\000h\000a\000n\000i\000s\000m\000s\000:\000\040\000e\000x\000p\000e\000c\000t\000a\000t\000i\000o\000n\000s\000\040\000a\000n\000d\000\040\000p\000o\000s\000t\000-\000t\000a\000s\000k\000\040\000r\000e\000a\000s\000o\000n\000s}{section.24}% 22
\BOOKMARK [1][-]{section.39}{\376\377\000D\000i\000s\000c\000u\000s\000s\000i\000o\000n}{}% 23
\BOOKMARK [2][-]{subsection.40}{\376\377\000C\000o\000r\000e\000\040\000f\000i\000n\000d\000i\000n\000g}{section.39}% 24
\BOOKMARK [2][-]{subsection.41}{\376\377\000T\000h\000e\000o\000r\000e\000t\000i\000c\000a\000l\000\040\000i\000m\000p\000l\000i\000c\000a\000t\000i\000o\000n\000s}{section.39}% 25
\BOOKMARK [2][-]{subsection.42}{\376\377\000I\000n\000t\000e\000r\000p\000r\000e\000t\000a\000t\000i\000o\000n\000\040\000a\000n\000d\000\040\000r\000e\000l\000a\000t\000i\000o\000n\000\040\000t\000o\000\040\000p\000r\000i\000o\000r\000\040\000w\000o\000r\000k}{section.39}% 26
\BOOKMARK [2][-]{subsection.43}{\376\377\000L\000i\000m\000i\000t\000a\000t\000i\000o\000n\000s}{section.39}% 27
\BOOKMARK [2][-]{subsection.44}{\376\377\000I\000m\000p\000l\000i\000c\000a\000t\000i\000o\000n\000s\000\040\000a\000n\000d\000\040\000f\000u\000t\000u\000r\000e\000\040\000r\000e\000s\000e\000a\000r\000c\000h}{section.39}% 28
\BOOKMARK [2][-]{subsection.45}{\376\377\000C\000o\000n\000t\000r\000i\000b\000u\000t\000i\000o\000n\000s}{section.39}% 29
\BOOKMARK [2][-]{subsection.46}{\376\377\000D\000a\000t\000a\000\040\000a\000n\000d\000\040\000c\000o\000d\000e\000\040\000a\000v\000a\000i\000l\000a\000b\000i\000l\000i\000t\000y}{section.39}% 30
\BOOKMARK [2][-]{subsection.47}{\376\377\000D\000e\000c\000l\000a\000r\000a\000t\000i\000o\000n\000\040\000o\000f\000\040\000g\000e\000n\000e\000r\000a\000t\000i\000v\000e\000\040\000A\000I\000\040\000a\000n\000d\000\040\000A\000I\000-\000a\000s\000s\000i\000s\000t\000e\000d\000\040\000t\000e\000c\000h\000n\000o\000l\000o\000g\000i\000e\000s\000\040\000i\000n\000\040\000t\000h\000e\000\040\000m\000a\000n\000u\000s\000c\000r\000i\000p\000t\000\040\000p\000r\000e\000p\000a\000r\000a\000t\000i\000o\000n\000\040\000p\000r\000o\000c\000e\000s\000s}{section.39}% 31
